Microsoft (R) Macro Assembler Version 6.11		    12/07/20 22:39:21
tempfile.asm						     Page 1 - 1


				INPUTNUM MACRO
					LEA DX,BUFF
					MOV AH,0AH
					INT 21H
					XOR BX,BX
					XOR CX,CX
					XOR DX,DX
					MOV CL,CNT			;
				ADDTOSUM:
					SHL DX,1	;原数*2
					MOV AX,DX	;AX=原数*2
					SHL DX,1	;DX=原数*4
					SHL DX,1	;DX=原数*8
					ADD DX,AX	;DX=原数*10
					XOR AX,AX
					MOV AL,NUMSTR[BX]	;
					SUB AL,30H
					ADD DX,AX
					INC BX
					LOOP ADDTOSUM
					MOV INPUT,DX		;

				ENDM

				DISIN MACRO C
					CALL DIS&C
				ENDM
				TRANSTO MACRO N
					DISIN %N
					;CALL DIS&N
				ENDM
 0000				DATAS SEGMENT
 0000 06			    BUFF DB 6
 0001 00			    CNT DB ?
 0002  000A [			    NUMSTR DB 10 DUP(?)
        00
       ]
 000C 0000			    INPUT DW 0
 000E 02			    K DB 2
 000F				DATAS ENDS

 0000				STACKS SEGMENT
				    ;此处输入堆栈段代码
 0000				STACKS ENDS

 0000				CODES SEGMENT
				    ASSUME CS:CODES,DS:DATAS,SS:STACKS
 0000				START:
 0000  B8 ---- R		    MOV AX,DATAS
 0003  8E D8			    MOV DS,AX
				    ;此处输入代码段代码
				    
				    INPUTNUM
 0005  8D 16 0000 R	     1		LEA DX,BUFF
 0009  B4 0A		     1		MOV AH,0AH
 000B  CD 21		     1		INT 21H
 000D  33 DB		     1		XOR BX,BX
 000F  33 C9		     1		XOR CX,CX
 0011  33 D2		     1		XOR DX,DX
 0013  8A 0E 0001 R	     1		MOV CL,CNT			;
 0017			     1	ADDTOSUM:
 0017  D1 E2		     1		SHL DX,1	;原数*2
 0019  8B C2		     1		MOV AX,DX	;AX=原数*2
 001B  D1 E2		     1		SHL DX,1	;DX=原数*4
 001D  D1 E2		     1		SHL DX,1	;DX=原数*8
 001F  03 D0		     1		ADD DX,AX	;DX=原数*10
 0021  33 C0		     1		XOR AX,AX
 0023  8A 87 0002 R	     1		MOV AL,NUMSTR[BX]	;
 0027  2C 30		     1		SUB AL,30H
 0029  03 D0		     1		ADD DX,AX
 002B  43		     1		INC BX
 002C  E2 E9		     1		LOOP ADDTOSUM
 002E  89 16 000C R	     1		MOV INPUT,DX		;
				    TRANSTO 2
 0032  E8 0004		     2		CALL DIS2
				    
 0035  B4 4C			    MOV AH,4CH
 0037  CD 21			    INT 21H
 0039				DIS2 PROC
 0039  B9 0010				MOV CX,10H
 003C  8B 1E 000C R			MOV BX,INPUT
 0040				NEXT:
 0040  D1 C3				ROL BX,1
 0042  8A C3				MOV AL,BL
 0044  24 01				AND AL,01H
 0046  8A D0				MOV DL,AL
 0048  80 C2 30				ADD DL,30H
 004B  B4 02				MOV AH,02H
 004D  CD 21				INT 21H
 004F  E2 EF				LOOP NEXT
 0051  C3				RET
 0052				DIS2 ENDP
 0052				CODES ENDS
				    END START
Microsoft (R) Macro Assembler Version 6.11		    12/07/20 22:39:21
tempfile.asm						     Symbols 2 - 1




Macros:

                N a m e                 Type

DISIN  . . . . . . . . . . . . .	Proc
INPUTNUM . . . . . . . . . . . .	Proc
TRANSTO  . . . . . . . . . . . .	Proc


Segments and Groups:

                N a m e                 Size     Length   Align   Combine Class

CODES  . . . . . . . . . . . . .	16 Bit	 0052	  Para	  Private 
DATAS  . . . . . . . . . . . . .	16 Bit	 000F	  Para	  Private 
STACKS . . . . . . . . . . . . .	16 Bit	 0000	  Para	  Private 


Procedures,  parameters and locals:

                N a m e                 Type     Value    Attr

DIS2 . . . . . . . . . . . . . .	P Near	 0039	  CODES	Length= 0019 Public
  NEXT . . . . . . . . . . . . .	L Near	 0040	  CODES	


Symbols:

                N a m e                 Type     Value    Attr

ADDTOSUM . . . . . . . . . . . .	L Near	 0017	  CODES	
BUFF . . . . . . . . . . . . . .	Byte	 0000	  DATAS	
CNT  . . . . . . . . . . . . . .	Byte	 0001	  DATAS	
INPUT  . . . . . . . . . . . . .	Word	 000C	  DATAS	
K  . . . . . . . . . . . . . . .	Byte	 000E	  DATAS	
NUMSTR . . . . . . . . . . . . .	Byte	 0002	  DATAS	
START  . . . . . . . . . . . . .	L Near	 0000	  CODES	

	   0 Warnings
	   0 Errors
